[web/html/index.html]
[backblue.gif]
[fade.gif]
[index.html]
[web/images/favicon.ico]
[web/images/bg.jpg]
[web/images/head.jpg]
[web/images/webybg.jpg]
[web/images/obechead.jpg]
[web/images/vlavotdhead.jpg]
[web/images/headmenuvpravo.jpg]
[web/images/hladaj.jpg]
[web/images/webyleft.jpg]
[web/images/webyright.jpg]
[web/images/logo.png]
[web/images/krajvlavo.jpg]
[web/images/white.jpg]
[web/html/bb.html]
[web/html/ba.html]
[web/html/nr.html]
[web/html/po.html]
[web/html/tn.html]
[web/html/tt.html]
[web/html/za.html]
[web/images/krajvpravo.jpg]
[web/images/okresvlavo.jpg]
[web/images/okresvpravo.jpg]
[web/images/menuvlavo.jpg]
[web/images/domov.jpg]
[web/html/fotogaleria.html]
[web/images/fotogaleria.jpg]
[web/html/forum.html]
[web/images/forum.jpg]
[web/html/mapa.html]
[web/images/mapa.jpg]
[web/html/podujatia.html]
[web/images/podujatia.jpg]
[web/images/firmy.jpg]
[web/html/kontakt.html]
[web/images/turizmus.jpg]
[web/html/inzercia.html]
[web/images/inzercia.jpg]
[web/images/menuvpravo.jpg]
[web/images/telovlavobg.jpg]
[web/images/telol.jpg]
[web/html/erby.html]
[web/html/ponuka_pre_obce.html]
[web/html/reklama.html]
[web/html/zoznam_vsetkych_obci.html]
[web/images/f.txt]
[web/html/pridat_inzerat.html]
[web/images/plus.jpg]
[web/images/terragrata.jpg]
[web/images/signatar.jpg]
[web/images/mapka.jpg]
[web/images/foto1.jpg]
[web/images/foto2.jpg]
[web/html/8084.html]
[web/images/8084.jpg]
[web/images/foto7.jpg]
[web/html/7041.html]
[web/images/7041.jpg]
[web/images/foto3.jpg]
[web/html/9442.html]
[web/images/9442.jpg]
[web/images/foto4.jpg]
[web/images/foto5.jpg]
[web/images/foto6.jpg]
[web/html/1565.html]
[web/images/inzerat.pdf]
[web/images/banner.jpg]
[web/html/clanok60fe.html]
[web/html/1566.html]
[web/html/clanokacbf.html]
[web/html/1567.html]
[web/html/clanokfb30.html]
[web/html/1568.html]
[web/html/clanok4d92.html]
[web/html/1569.html]
[web/images/baner_ddi.jpg]
[web/html/clanok84c9.html]
[web/html/1570.html]
[web/images/baner_trnava.jpg]
[web/html/clanokf93c.html]
[web/html/1571.html]
[web/images/baner_cd.jpg]
[web/html/clanok814c.html]
[web/html/1572.html]
[web/images/baner_dvd.jpg]
[web/html/clanoke56e.html]
[web/html/1573.html]
[web/images/banner3.jpg]
[web/html/clanok6037.html]
[web/html/1515.html]
[web/html/clanokbdec.html]
[web/html/spravy203e.html]
[web/html/spravya211.html]
[web/html/spravy3b18.html]
[web/html/spravy522f.html]
[web/html/spravy72ca.html]
[web/html/spravya400.html]
[web/html/spravanova.html]
[web/html/483-uver_ponuka_medzi_jednotlivymi_zavazneho_a_fast.html]
[web/html/raznany.html]
[web/html/631-ponuka_financovania_a_uver,_pravne_a_spolahlive.html]
[web/html/vysna-kamenica.html]
[web/html/747-vazne_pozicka_ponuka.html]
[web/html/kostolany-nad-hornadom.html]
[web/html/pridat_podujatie.html]
[web/html/infoshow7f06.html]
[web/images/vyhlasenie1.jpg]
[web/html/infoshow7e0b.html]
[web/images/ts_odovzdavanie.pdf]
[web/images/tlac.pdf]
[web/images/vys.pdf]
[web/html/infoshow601f.html]
[web/images/baner_dat1.jpg]
[web/html/infoshow0fd8.html]
[web/html/forum74fe.html]
[web/images/telovpravobg.jpg]
[web/images/telor.jpg]
[web/images/partneri.jpg]
[web/images/logo-efo.jpg]
[web/images/logo-uzemneplany.gif]
[web/images/logo-najnakup.gif]
[web/images/vt_eobce.png]
[web/images/logo-meen.jpg]
[web/images/logo-lav.jpg]
[web/images/patal.jpg]
[web/images/pataspod.jpg]
[web/images/patar.jpg]
[web/html/o_projekte.html]
[web/html/pravne_informacie.html]
[web/images/chrisdomroll.js]
[web/html/index.html]
[web/html/bb.html]
[web/html/ba.html]
[web/html/nr.html]
[web/html/po.html]
[web/html/tn.html]
[web/html/tt.html]
[web/html/za.html]
[web/html/fotogaleria.html]
[web/html/forum.html]
[web/html/mapa.html]
[web/html/podujatia.html]
[web/html/kontakt.html]
[web/html/inzercia.html]
[web/html/erby.html]
[web/html/ponuka_pre_obce.html]
[web/html/reklama.html]
[web/html/zoznam_vsetkych_obci.html]
[web/html/pridat_inzerat.html]
[web/html/8084.html]
[web/html/ke.html]
[web/html/7041.html]
[web/html/9442.html]
[web/html/1565.html]
[web/html/clanok60fe.html]
[web/html/1566.html]
[web/html/clanokacbf.html]
[web/html/1567.html]
[web/html/clanokfb30.html]
[web/html/1568.html]
[web/html/clanok4d92.html]
[web/html/1569.html]
[web/html/clanok84c9.html]
[web/html/1570.html]
[web/html/clanokf93c.html]
[web/html/1571.html]
[web/html/clanok814c.html]
[web/html/1572.html]
[web/html/clanoke56e.html]
[web/html/1573.html]
[web/html/clanok6037.html]
[web/html/1515.html]
[web/html/clanokbdec.html]
[web/html/spravy203e.html]
[web/html/spravya211.html]
[web/html/spravy3b18.html]
[web/html/spravy522f.html]
[web/html/spravy72ca.html]
[web/html/spravya400.html]
[web/html/spravanova.html]
[web/html/483-uver_ponuka_medzi_jednotlivymi_zavazneho_a_fast.html]
[web/html/raznany.html]
[web/html/631-ponuka_financovania_a_uver,_pravne_a_spolahlive.html]
[web/html/vysna-kamenica.html]
[web/html/747-vazne_pozicka_ponuka.html]
[web/html/kostolany-nad-hornadom.html]
[web/html/pridat_podujatie.html]
[web/html/infoshow7f06.html]
[web/html/infoshow7e0b.html]
[web/html/infoshow601f.html]
[web/html/infoshow0fd8.html]
[web/html/forum74fe.html]
[web/html/o_projekte.html]
[web/html/pravne_informacie.html]
[web/html/ke.html]
[web/images/cookieconsent.latest.min.js]
[web/html/bb.html]
[web/html/podujatia.html]
[web/images/firmy.jpg]
[web/html/erby.html]
[web/images/f.txt]
[web/html/pridat_inzerat.html]
[web/html/7041.html]
[web/html/1565.html]
[web/html/clanok60fe.html]
[web/html/clanokf93c.html]
[web/images/baner_cd.jpg]
[web/html/clanoke56e.html]
[web/html/infoshow601f.html]
[web/html/fotogaleria.html]
[web/html/kontakt.html]
[web/html/inzercia.html]
[web/html/8084.html]
[web/html/clanok814c.html]
[web/html/clanok6037.html]
[web/html/infoshow7e0b.html]
[web/html/infoshow0fd8.html]
[web/html/o_projekte.html]
[web/html/forum.html]
[web/html/mapa.html]
[web/html/clanok84c9.html]
